2024-11-28 13:46:35.056 GMT [460] LOG:  database system was shut down at 2024-11-28 13:46:29 GMT
2024-11-28 13:51:35.062 GMT [6780] LOG:  checkpoint starting: time
2024-11-28 13:51:39.988 GMT [6780] LOG:  checkpoint complete: wrote 48 buffers (0.3%); 0 WAL file(s) added, 0 removed, 0 recycled; write=4.917 s, sync=0.005 s, total=4.927 s; sync files=11, longest=0.001 s, average=0.001 s; distance=287 kB, estimate=287 kB; lsn=0/15B0F30, redo lsn=0/15B0ED8
2024-11-28 14:16:36.022 GMT [6780] LOG:  checkpoint starting: time
2024-11-28 14:18:22.216 GMT [6780] LOG:  checkpoint complete: wrote 973 buffers (5.9%); 0 WAL file(s) added, 0 removed, 0 recycled; write=106.096 s, sync=0.094 s, total=106.195 s; sync files=302, longest=0.001 s, average=0.001 s; distance=4531 kB, estimate=4531 kB; lsn=0/1A1DF60, redo lsn=0/1A1DED0
2024-11-28 14:41:36.253 GMT [6780] LOG:  checkpoint starting: time
2024-11-28 14:41:58.933 GMT [21636] LOG:  could not receive data from client: An existing connection was forcibly closed by the remote host.
	
2024-11-28 14:43:18.344 GMT [6780] LOG:  checkpoint complete: wrote 971 buffers (5.9%); 1 WAL file(s) added, 0 removed, 0 recycled; write=101.958 s, sync=0.095 s, total=102.092 s; sync files=300, longest=0.001 s, average=0.001 s; distance=4531 kB, estimate=4531 kB; lsn=0/1E8AE68, redo lsn=0/1E8ADD8
2024-11-28 14:56:41.003 GMT [6288] ERROR:  syntax error at or near "SERIAL" at character 32
2024-11-28 14:56:41.003 GMT [6288] STATEMENT:  CREATE TABLE users (
		indx INT SERIAL,
		id INT PRIMARY KEY,
		first_name VARCHAR (255),
		last_name VARCHAR (255),
		user_name VARCHAR(255),
		user_email VARCHAR (255),
		user_tel_num VARCHAR (255)
	   );
2024-11-28 15:01:36.383 GMT [6780] LOG:  checkpoint starting: time
2024-11-28 15:01:40.826 GMT [6780] LOG:  checkpoint complete: wrote 43 buffers (0.3%); 0 WAL file(s) added, 0 removed, 0 recycled; write=4.422 s, sync=0.016 s, total=4.443 s; sync files=38, longest=0.001 s, average=0.001 s; distance=153 kB, estimate=4094 kB; lsn=0/1EB1590, redo lsn=0/1EB1500
2024-11-28 15:03:59.748 GMT [6288] ERROR:  syntax error at or near "FOREIGN" at character 107
2024-11-28 15:03:59.748 GMT [6288] STATEMENT:  CREATE TABLE events (
		indx INT generated by default as identity,
		event_id INT PRIMARY KEY,
		user_id INT FOREIGN KEY,
		date VARCHAR(50),
		start_time VARCHAR(20),
		end_time VARCHAR(20),
		text VARCHAR(1000),
	   );
2024-11-28 15:07:58.379 GMT [6288] ERROR:  syntax error at or near ")" at character 221
2024-11-28 15:07:58.379 GMT [6288] STATEMENT:  CREATE TABLE events (
		indx INT generated by default as identity,
		event_id INT PRIMARY KEY,
		user_id INT,
		date VARCHAR(50),
		start_time VARCHAR(20),
		end_time VARCHAR(20),
		text VARCHAR(1000),
		FOREIGN KEY(user_id)
	   );
2024-11-28 15:08:31.560 GMT [6288] ERROR:  syntax error at or near "," at character 217
2024-11-28 15:08:31.560 GMT [6288] STATEMENT:  CREATE TABLE events (
		indx INT generated by default as identity,
		event_id INT PRIMARY KEY,
		user_id INT,
		date VARCHAR(50),
		start_time VARCHAR(20),
		end_time VARCHAR(20),
		text VARCHAR(1000),
		FOREIGN KEY(user_id),
	   );
2024-11-28 15:08:38.520 GMT [6288] ERROR:  syntax error at or near ")" at character 221
2024-11-28 15:08:38.520 GMT [6288] STATEMENT:  CREATE TABLE events (
		indx INT generated by default as identity,
		event_id INT PRIMARY KEY,
		user_id INT,
		date VARCHAR(50),
		start_time VARCHAR(20),
		end_time VARCHAR(20),
		text VARCHAR(1000),
		FOREIGN KEY(user_id)
	   );
2024-11-28 15:09:08.745 GMT [6288] ERROR:  syntax error at or near ")" at character 199
2024-11-28 15:09:08.745 GMT [6288] STATEMENT:  CREATE TABLE events (
		indx INT generated by default as identity,
		event_id INT PRIMARY KEY,
		user_id INT,
		date VARCHAR(50),
		start_time VARCHAR(20),
		end_time VARCHAR(20),
		text VARCHAR(1000),
	   );
2024-11-28 15:11:36.833 GMT [6780] LOG:  checkpoint starting: time
2024-11-28 15:11:41.218 GMT [6780] LOG:  checkpoint complete: wrote 42 buffers (0.3%); 0 WAL file(s) added, 0 removed, 0 recycled; write=4.368 s, sync=0.013 s, total=4.385 s; sync files=33, longest=0.001 s, average=0.001 s; distance=146 kB, estimate=3699 kB; lsn=0/1ED5DC8, redo lsn=0/1ED5D38
2024-11-28 15:35:18.675 GMT [6288] ERROR:  column "Dmitriy" does not exist at character 38
2024-11-28 15:35:18.675 GMT [6288] STATEMENT:  INSERT INTO users VALUES (1,12345678,"Dmitriy","Khotemlyanskiy","@khotemka","hotemka@gmail.com","0542821691");
2024-11-28 15:41:36.253 GMT [6780] LOG:  checkpoint starting: time
2024-11-28 15:41:36.589 GMT [6780] LOG:  checkpoint complete: wrote 4 buffers (0.0%); 0 WAL file(s) added, 0 removed, 0 recycled; write=0.329 s, sync=0.002 s, total=0.337 s; sync files=3, longest=0.001 s, average=0.001 s; distance=0 kB, estimate=3329 kB; lsn=0/1ED6068, redo lsn=0/1ED5FF8
2024-11-28 15:46:23.026 GMT [21264] LOG:  could not receive data from client: An existing connection was forcibly closed by the remote host.
	
2024-11-28 16:02:50.060 GMT [5800] LOG:  could not receive data from client: An existing connection was forcibly closed by the remote host.
	
2024-11-28 16:11:03.875 GMT [7436] LOG:  could not receive data from client: An existing connection was forcibly closed by the remote host.
	
2024-11-28 16:11:50.605 GMT [15372] LOG:  could not receive data from client: An existing connection was forcibly closed by the remote host.
	
2024-11-28 16:49:47.171 GMT [21920] LOG:  could not receive data from client: An existing connection was forcibly closed by the remote host.
	
2024-11-28 16:52:15.292 GMT [12984] ERROR:  invalid input syntax for type integer: "jbet3o36aoceg0h0k726770r34"
2024-11-28 16:52:15.292 GMT [12984] CONTEXT:  unnamed portal parameter $1 = '...'
2024-11-28 16:52:15.292 GMT [12984] STATEMENT:  INSERT INTO events (event_id, user_id, date, start_time, end_time, text) VALUES ($1, $2, $3, $4, $5, $6)
2024-11-28 16:52:15.294 GMT [12984] LOG:  could not receive data from client: An existing connection was forcibly closed by the remote host.
	
2024-11-28 16:54:09.828 GMT [16260] ERROR:  invalid input syntax for type integer: "jtm132qp40f6b1fjt28upies7o"
2024-11-28 16:54:09.828 GMT [16260] CONTEXT:  unnamed portal parameter $1 = '...'
2024-11-28 16:54:09.828 GMT [16260] STATEMENT:  INSERT INTO events (event_id, user_id, date, start_time, end_time, text) VALUES ($1, $2, $3, $4, $5, $6)
2024-11-28 17:05:07.103 GMT [6288] ERROR:  syntax error at or near ":" at character 18
2024-11-28 17:05:07.103 GMT [6288] STATEMENT:  DROP TABLE events:
	
2024-11-28 17:06:36.714 GMT [6780] LOG:  checkpoint starting: time
2024-11-28 17:06:40.765 GMT [6780] LOG:  checkpoint complete: wrote 38 buffers (0.2%); 0 WAL file(s) added, 0 removed, 0 recycled; write=4.033 s, sync=0.014 s, total=4.052 s; sync files=34, longest=0.001 s, average=0.001 s; distance=170 kB, estimate=3013 kB; lsn=0/1F00C30, redo lsn=0/1F00BD8
2024-11-28 17:07:44.289 GMT [19372] ERROR:  value "98765000000" is out of range for type integer
2024-11-28 17:07:44.289 GMT [19372] CONTEXT:  unnamed portal parameter $2 = '...'
2024-11-28 17:07:44.289 GMT [19372] STATEMENT:  INSERT INTO events (event_id, user_id, date, start_time, end_time, text) VALUES ($1, $2, $3, $4, $5, $6)
2024-11-28 17:10:19.230 GMT [17124] ERROR:  value "98765000000" is out of range for type integer
2024-11-28 17:10:19.230 GMT [17124] CONTEXT:  unnamed portal parameter $2 = '...'
2024-11-28 17:10:19.230 GMT [17124] STATEMENT:  INSERT INTO events (event_id, user_id, date, start_time, end_time, text) VALUES ($1, $2, $3, $4, $5, $6)
2024-11-28 17:11:55.631 GMT [8180] ERROR:  value "98765000000" is out of range for type integer
2024-11-28 17:11:55.631 GMT [8180] CONTEXT:  unnamed portal parameter $2 = '...'
2024-11-28 17:11:55.631 GMT [8180] STATEMENT:  INSERT INTO events (event_id, user_id, date, start_time, end_time, text) VALUES ($1, $2, $3, $4, $5, $6)
2024-11-28 17:13:14.171 GMT [10664] ERROR:  value "98765000000" is out of range for type integer
2024-11-28 17:13:14.171 GMT [10664] CONTEXT:  unnamed portal parameter $2 = '...'
2024-11-28 17:13:14.171 GMT [10664] STATEMENT:  INSERT INTO events (event_id, user_id, date, start_time, end_time, text) VALUES ($1, $2, $3, $4, $5, $6)
2024-11-28 17:17:28.598 GMT [7696] ERROR:  value "98765000000" is out of range for type integer
2024-11-28 17:17:28.598 GMT [7696] CONTEXT:  unnamed portal parameter $2 = '...'
2024-11-28 17:17:28.598 GMT [7696] STATEMENT:  INSERT INTO events (event_id, user_id, date, start_time, end_time, text) VALUES ($1, $2, $3, $4, $5, $6)
2024-11-28 17:17:41.272 GMT [6980] LOG:  could not receive data from client: An existing connection was forcibly closed by the remote host.
	
2024-11-28 17:19:29.452 GMT [19560] LOG:  could not receive data from client: An existing connection was forcibly closed by the remote host.
	
2024-11-28 17:19:42.239 GMT [20936] LOG:  could not receive data from client: An existing connection was forcibly closed by the remote host.
	
2024-11-28 17:21:03.431 GMT [6980] ERROR:  value "98765000000" is out of range for type integer
2024-11-28 17:21:03.431 GMT [6980] CONTEXT:  unnamed portal parameter $2 = '...'
2024-11-28 17:21:03.431 GMT [6980] STATEMENT:  INSERT INTO events (event_id, user_id, date, start_time, end_time, text) VALUES ($1, $2, $3, $4, $5, $6)
2024-11-28 17:24:12.803 GMT [6288] ERROR:  column "fr9begcjp4ddkam558h5oha094" does not exist at character 82
2024-11-28 17:24:12.803 GMT [6288] STATEMENT:  INSERT INTO events (event_id, user_id, date, start_time, end_time, text) VALUES ("fr9begcjp4ddkam558h5oha094",98765000000,"29 November 2024","12:00","17:00","Test from PostMan, creating a new Event");
	
2024-11-28 17:24:50.412 GMT [6288] ERROR:  column "fr9begcjp4ddkam558h5oha094" does not exist at character 102
2024-11-28 17:24:50.412 GMT [6288] STATEMENT:  select from events;
	INSERT INTO events (event_id, user_id, date, start_time, end_time, text) VALUES ("fr9begcjp4ddkam558h5oha094",98765000000,"29 November 2024","12:00","17:00","Test from PostMan, creating a new Event");
	
2024-11-28 17:25:45.617 GMT [6288] ERROR:  column "fr9begcjp4ddkam558h5oha094" does not exist at character 103
2024-11-28 17:25:45.617 GMT [6288] STATEMENT:  select from events;
	INSERT INTO events (event_id, user_id, date, start_time, end_time, text) 
	VALUES ("fr9begcjp4ddkam558h5oha094", 98765000000, "29 November 2024", "12:00", "17:00", "Test from PostMan, creating a new Event");
	
2024-11-28 17:26:36.781 GMT [6780] LOG:  checkpoint starting: time
2024-11-28 17:26:37.110 GMT [6780] LOG:  checkpoint complete: wrote 3 buffers (0.0%); 0 WAL file(s) added, 0 removed, 0 recycled; write=0.323 s, sync=0.002 s, total=0.330 s; sync files=3, longest=0.001 s, average=0.001 s; distance=5 kB, estimate=2712 kB; lsn=0/1F02050, redo lsn=0/1F01FE0
2024-11-28 17:29:04.078 GMT [6288] ERROR:  relation "events" already exists
2024-11-28 17:29:04.078 GMT [6288] STATEMENT:  CREATE TABLE events (
		indx INT generated by default as identity,
		event_id VARCHAR(100) PRIMARY KEY,
		user_id INT,
		date VARCHAR(50),
		start_time VARCHAR(20),
		end_time VARCHAR(20),
		text VARCHAR(1000)
	   );
2024-11-28 17:29:50.071 GMT [6288] ERROR:  column "fr9begcjp4ddkam558h5oha094" does not exist at character 105
2024-11-28 17:29:50.071 GMT [6288] STATEMENT:  select * from events;
	INSERT INTO events (event_id, user_id, date, start_time, end_time, text) 
	VALUES ("fr9begcjp4ddkam558h5oha094", 98765000000, "29 November 2024", "12:00", "17:00", "Test from PostMan, creating a new Event");
	
2024-11-28 17:31:36.118 GMT [6780] LOG:  checkpoint starting: time
2024-11-28 17:31:37.859 GMT [6780] LOG:  checkpoint complete: wrote 17 buffers (0.1%); 0 WAL file(s) added, 0 removed, 0 recycled; write=1.728 s, sync=0.008 s, total=1.741 s; sync files=17, longest=0.001 s, average=0.001 s; distance=83 kB, estimate=2449 kB; lsn=0/1F16E80, redo lsn=0/1F16DF0
2024-11-28 17:33:20.115 GMT [6288] ERROR:  column "fr9begcjp4ddkam558h5oha094" does not exist at character 83
2024-11-28 17:33:20.115 GMT [6288] STATEMENT:  
	INSERT INTO events (event_id, user_id, date, start_time, end_time, text) VALUES ("fr9begcjp4ddkam558h5oha094",98765000000,"29 November 2024","12:00","17:00","Test from PostMan, creating a new Event");
	
2024-11-28 17:34:26.734 GMT [6288] ERROR:  column "fr9begcjp4ddkam558h5oha094" does not exist at character 83
2024-11-28 17:34:26.734 GMT [6288] STATEMENT:  
	INSERT INTO events (event_id, user_id, date, start_time, end_time, text) VALUES ("fr9begcjp4ddkam558h5oha094", 98765000000, "29 November 2024", "12:00", "17:00", "Test from PostMan, creating a new Event");
	
2024-11-28 17:35:26.857 GMT [6288] ERROR:  syntax error at or near "," at character 83
2024-11-28 17:35:26.857 GMT [6288] STATEMENT:  
	INSERT INTO events (event_id, user_id, date, start_time, end_time, text) VALUES (,"fr9begcjp4ddkam558h5oha094", 98765000000, "29 November 2024", "12:00", "17:00", "Test from PostMan, creating a new Event");
	
2024-11-28 17:35:45.518 GMT [6288] ERROR:  column "fr9begcjp4ddkam558h5oha094" does not exist at character 91
2024-11-28 17:35:45.518 GMT [6288] STATEMENT:  
	INSERT INTO events (indx, event_id, user_id, date, start_time, end_time, text) VALUES (1,"fr9begcjp4ddkam558h5oha094", 98765000000, "29 November 2024", "12:00", "17:00", "Test from PostMan, creating a new Event");
	
2024-11-28 17:36:36.869 GMT [6780] LOG:  checkpoint starting: time
2024-11-28 17:36:40.490 GMT [6780] LOG:  checkpoint complete: wrote 34 buffers (0.2%); 0 WAL file(s) added, 0 removed, 0 recycled; write=3.598 s, sync=0.012 s, total=3.621 s; sync files=31, longest=0.001 s, average=0.001 s; distance=161 kB, estimate=2221 kB; lsn=0/1F3F478, redo lsn=0/1F3F420
2024-11-28 17:36:56.952 GMT [6288] ERROR:  column "newID" does not exist at character 92
2024-11-28 17:36:56.952 GMT [6288] STATEMENT:  
	INSERT INTO events (indx, event_id, user_id, date, start_time, end_time, text) VALUES (1, "newID", 98765000000, "29 November 2024", "12:00", "17:00", "Test from PostMan, creating a new Event");
	
2024-11-28 17:37:07.588 GMT [6288] LOG:  could not receive data from client: An existing connection was forcibly closed by the remote host.
	
2024-11-28 17:37:07.589 GMT [21592] LOG:  could not receive data from client: An existing connection was forcibly closed by the remote host.
	
2024-11-28 17:37:07.589 GMT [8776] LOG:  could not receive data from client: An existing connection was forcibly closed by the remote host.
	
2024-11-28 17:37:07.589 GMT [18616] LOG:  could not receive data from client: An existing connection was forcibly closed by the remote host.
	
