2025-01-18 10:09:17.299 GMT [10672] LOG:  database system was shut down at 2025-01-18 10:08:49 GMT
2025-01-19 15:57:30.712 GMT [10596] LOG:  checkpoint starting: time
2025-01-19 15:57:30.722 GMT [10596] LOG:  checkpoint complete: wrote 3 buffers (0.0%); 0 WAL file(s) added, 0 removed, 0 recycled; write=0.003 s, sync=0.002 s, total=0.010 s; sync files=2, longest=0.001 s, average=0.001 s; distance=0 kB, estimate=0 kB; lsn=0/1F464F8, redo lsn=0/1F464A0
2025-01-19 16:07:30.735 GMT [10596] LOG:  checkpoint starting: time
2025-01-19 16:07:31.376 GMT [10596] LOG:  checkpoint complete: wrote 7 buffers (0.0%); 0 WAL file(s) added, 0 removed, 0 recycled; write=0.632 s, sync=0.004 s, total=0.641 s; sync files=7, longest=0.001 s, average=0.001 s; distance=4 kB, estimate=4 kB; lsn=0/1F47678, redo lsn=0/1F47620
2025-01-19 16:12:30.383 GMT [10596] LOG:  checkpoint starting: time
2025-01-19 16:12:30.801 GMT [10596] LOG:  checkpoint complete: wrote 5 buffers (0.0%); 0 WAL file(s) added, 0 removed, 0 recycled; write=0.411 s, sync=0.003 s, total=0.418 s; sync files=5, longest=0.001 s, average=0.001 s; distance=3 kB, estimate=4 kB; lsn=0/1F485E8, redo lsn=0/1F48590
2025-01-19 16:22:31.403 GMT [18088] LOG:  could not receive data from client: An existing connection was forcibly closed by the remote host.
	
2025-01-19 16:22:31.403 GMT [12324] LOG:  could not receive data from client: An existing connection was forcibly closed by the remote host.
	
2025-01-19 16:22:31.403 GMT [3044] LOG:  could not receive data from client: An existing connection was forcibly closed by the remote host.
	
2025-01-19 16:22:31.403 GMT [4512] LOG:  could not receive data from client: An existing connection was forcibly closed by the remote host.
	
2025-01-19 16:22:31.403 GMT [9804] LOG:  could not receive data from client: An existing connection was forcibly closed by the remote host.
	
2025-01-19 16:22:31.403 GMT [6752] LOG:  could not receive data from client: An existing connection was forcibly closed by the remote host.
	
2025-01-19 16:22:31.403 GMT [3888] LOG:  could not receive data from client: An existing connection was forcibly closed by the remote host.
	
2025-01-19 16:22:31.403 GMT [17748] LOG:  could not receive data from client: An existing connection was forcibly closed by the remote host.
	
2025-01-19 16:37:30.845 GMT [10596] LOG:  checkpoint starting: time
2025-01-19 16:37:31.169 GMT [10596] LOG:  checkpoint complete: wrote 4 buffers (0.0%); 0 WAL file(s) added, 0 removed, 0 recycled; write=0.316 s, sync=0.003 s, total=0.324 s; sync files=4, longest=0.001 s, average=0.001 s; distance=3 kB, estimate=4 kB; lsn=0/1F494C0, redo lsn=0/1F49468
2025-01-19 16:40:57.081 GMT [17140] LOG:  could not receive data from client: An existing connection was forcibly closed by the remote host.
	
2025-01-19 16:40:57.081 GMT [15252] LOG:  could not receive data from client: An existing connection was forcibly closed by the remote host.
	
2025-01-19 16:40:57.081 GMT [6528] LOG:  could not receive data from client: An existing connection was forcibly closed by the remote host.
	
2025-01-19 16:40:57.081 GMT [4340] LOG:  could not receive data from client: An existing connection was forcibly closed by the remote host.
	
2025-01-19 16:40:57.081 GMT [18340] LOG:  could not receive data from client: An existing connection was forcibly closed by the remote host.
	
2025-01-19 16:40:57.081 GMT [2380] LOG:  could not receive data from client: An existing connection was forcibly closed by the remote host.
	
2025-01-19 16:42:30.180 GMT [10596] LOG:  checkpoint starting: time
2025-01-19 16:42:30.512 GMT [10596] LOG:  checkpoint complete: wrote 4 buffers (0.0%); 0 WAL file(s) added, 0 removed, 0 recycled; write=0.324 s, sync=0.003 s, total=0.333 s; sync files=4, longest=0.001 s, average=0.001 s; distance=4 kB, estimate=4 kB; lsn=0/1F4A558, redo lsn=0/1F4A500
